// Jest Snapshot v1, https://goo.gl/fbAQLP

exports[`parseHtml htmlToMatches Match snapshot 1`] = `
Array [
  Object {
    "event": "United Masters League Season 2",
    "href": "https://example.com/matches/2337428/big-vs-virtuspro-united-masters-league-season-2",
    "id": 2337428,
    "stars": 1,
    "title": "BIG vs Virtus.pro",
    "unixTimestamp": 1572984000000,
  },
  Object {
    "event": "OMEN Atlantic Challenge 2019 Europe Closed Qualifier",
    "href": "https://example.com/matches/2337611/fate-vs-movistar-riders-omen-atlantic-challenge-2019-europe-closed-qualifier",
    "id": 2337611,
    "stars": 0,
    "title": "FATE vs Movistar Riders",
    "unixTimestamp": 1572987600000,
  },
  Object {
    "event": "ESEA MDL Season 32 North America",
    "href": "https://example.com/matches/2337227/intz-vs-riot-squad-esea-mdl-season-32-north-america",
    "id": 2337227,
    "stars": 0,
    "title": "INTZ vs Riot Squad",
    "unixTimestamp": 1573002000000,
  },
  Object {
    "event": "ESEA MDL Season 32 North America",
    "href": "https://example.com/matches/2337643/peekers-advantage-vs-rap-gang-esea-mdl-season-32-north-america",
    "id": 2337643,
    "stars": 0,
    "title": "Peeker's Advantage vs Rap Gang",
    "unixTimestamp": 1573002000000,
  },
  Object {
    "event": "ESEA MDL Season 32 North America",
    "href": "https://example.com/matches/2337185/bens-anime-team-vs-intz-esea-mdl-season-32-north-america",
    "id": 2337185,
    "stars": 0,
    "title": "Ben's Anime Team vs INTZ",
    "unixTimestamp": 1573005600000,
  },
  Object {
    "event": "ESEA MDL Season 32 North America",
    "href": "https://example.com/matches/2337405/rap-gang-vs-big-frames-esea-mdl-season-32-north-america",
    "id": 2337405,
    "stars": 0,
    "title": "Rap Gang vs Big Frames",
    "unixTimestamp": 1573005600000,
  },
  Object {
    "event": "ESEA MDL Season 32 North America",
    "href": "https://example.com/matches/2337406/monstars-vs-ascent-esea-mdl-season-32-north-america",
    "id": 2337406,
    "stars": 0,
    "title": "Monstars vs Ascent",
    "unixTimestamp": 1573005600000,
  },
  Object {
    "event": "ESEA MDL Season 32 North America",
    "href": "https://example.com/matches/2337618/the-quest-vs-just-swing-esea-mdl-season-32-north-america",
    "id": 2337618,
    "stars": 0,
    "title": "The Quest vs Just Swing",
    "unixTimestamp": 1573005600000,
  },
  Object {
    "event": "ESEA MDL Season 32 North America",
    "href": "https://example.com/matches/2337619/peekers-advantage-vs-livid-esea-mdl-season-32-north-america",
    "id": 2337619,
    "stars": 0,
    "title": "Peeker's Advantage vs LiviD",
    "unixTimestamp": 1573005600000,
  },
  Object {
    "event": "ESEA MDL Season 32 North America",
    "href": "https://example.com/matches/2337407/bushido-boyz-vs-livid-esea-mdl-season-32-north-america",
    "id": 2337407,
    "stars": 0,
    "title": "Bushido Boyz vs LiviD",
    "unixTimestamp": 1573009200000,
  },
  Object {
    "event": "ESEA MDL Season 32 North America",
    "href": "https://example.com/matches/2337644/peekers-advantage-vs-just-swing-esea-mdl-season-32-north-america",
    "id": 2337644,
    "stars": 0,
    "title": "Peeker's Advantage vs Just Swing",
    "unixTimestamp": 1573009200000,
  },
  Object {
    "event": "ESEA MDL Season 32 North America",
    "href": "https://example.com/matches/2337645/mythic-vs-riot-squad-esea-mdl-season-32-north-america",
    "id": 2337645,
    "stars": 0,
    "title": "Mythic vs Riot Squad",
    "unixTimestamp": 1573009200000,
  },
  Object {
    "event": "Qi Banja Luka 2019 - Asia Qualifier",
    "href": "https://example.com/matches/2337526/invictus-vs-mithmaple-qi-banja-luka-2019-asia-qualifier",
    "id": 2337526,
    "stars": 0,
    "title": "Invictus vs MiTH.Maple",
    "unixTimestamp": 1573012800000,
  },
  Object {
    "event": "EPICENTER 2019 China Qualifier",
    "href": "https://example.com/matches/2337628/d7g-vs-ehome-epicenter-2019-china-qualifier",
    "id": 2337628,
    "stars": 0,
    "title": "D7G vs EHOME",
    "unixTimestamp": 1573012800000,
  },
  Object {
    "event": "Qi Banja Luka 2019 - Asia Qualifier",
    "href": "https://example.com/matches/2337527/5power-vs-onethree-qi-banja-luka-2019-asia-qualifier",
    "id": 2337527,
    "stars": 0,
    "title": "5POWER vs OneThree",
    "unixTimestamp": 1573023600000,
  },
  Object {
    "event": "United Masters League Season 2",
    "href": "https://example.com/matches/2337430/cr4zy-vs-smash-united-masters-league-season-2",
    "id": 2337430,
    "stars": 1,
    "title": "CR4ZY vs SMASH",
    "unixTimestamp": 1573041600000,
  },
  Object {
    "event": "SECTOR: MOSTBET",
    "href": "https://example.com/matches/2337641/espada-vs-nemiga-sector-mostbet",
    "id": 2337641,
    "stars": 0,
    "title": "Espada vs Nemiga",
    "unixTimestamp": 1573045200000,
  },
  Object {
    "event": "EPICENTER 2019 China Qualifier",
    "href": "https://example.com/matches/2337650/5power-vs-lynn-vision-epicenter-2019-china-qualifier",
    "id": 2337650,
    "stars": 0,
    "title": "5POWER vs Lynn Vision",
    "unixTimestamp": 1573045200000,
  },
  Object {
    "event": "ESEA MDL Season 32 Europe",
    "href": "https://example.com/matches/2337651/gamerlegion-vs-heretics-esea-mdl-season-32-europe",
    "id": 2337651,
    "stars": 0,
    "title": "GamerLegion vs Heretics",
    "unixTimestamp": 1573048800000,
  },
  Object {
    "event": "ESEA MDL Season 32 Europe",
    "href": "https://example.com/matches/2337652/avangar-vs-cr4zy-esea-mdl-season-32-europe",
    "id": 2337652,
    "stars": 2,
    "title": "AVANGAR vs CR4ZY",
    "unixTimestamp": 1573052400000,
  },
  Object {
    "event": "ESEA MDL Season 32 Europe",
    "href": "https://example.com/matches/2337653/ago-vs-heretics-esea-mdl-season-32-europe",
    "id": 2337653,
    "stars": 0,
    "title": "AGO vs Heretics",
    "unixTimestamp": 1573056000000,
  },
  Object {
    "event": "ESEA MDL Season 32 Europe",
    "href": "https://example.com/matches/2336139/nemiga-vs-phoenix-esea-mdl-season-32-europe",
    "id": 2336139,
    "stars": 0,
    "title": "Nemiga vs Phoenix",
    "unixTimestamp": 1573059600000,
  },
  Object {
    "event": "ESEA MDL Season 32 Europe",
    "href": "https://example.com/matches/2337638/spirit-vs-avangar-esea-mdl-season-32-europe",
    "id": 2337638,
    "stars": 1,
    "title": "Spirit vs AVANGAR",
    "unixTimestamp": 1573059600000,
  },
  Object {
    "event": "ESEA MDL Season 32 Europe",
    "href": "https://example.com/matches/2337654/pact-vs-heretics-esea-mdl-season-32-europe",
    "id": 2337654,
    "stars": 0,
    "title": "PACT vs Heretics",
    "unixTimestamp": 1573059600000,
  },
  Object {
    "event": "ESEA MDL Season 32 Europe",
    "href": "https://example.com/matches/2337655/demise-vs-pro100-esea-mdl-season-32-europe",
    "id": 2337655,
    "stars": 0,
    "title": "Demise vs pro100",
    "unixTimestamp": 1573059600000,
  },
  Object {
    "event": "ESEA MDL Season 32 Europe",
    "href": "https://example.com/matches/2337197/spirit-vs-phoenix-esea-mdl-season-32-europe",
    "id": 2337197,
    "stars": 0,
    "title": "Spirit vs Phoenix",
    "unixTimestamp": 1573063200000,
  },
  Object {
    "event": "ESEA MDL Season 32 Europe",
    "href": "https://example.com/matches/2337656/tricked-vs-japaleno-esea-mdl-season-32-europe",
    "id": 2337656,
    "stars": 1,
    "title": "Tricked vs Japaleno",
    "unixTimestamp": 1573063200000,
  },
  Object {
    "event": "ESEA MDL Season 32 Europe",
    "href": "https://example.com/matches/2337355/avangar-vs-tricked-esea-mdl-season-32-europe",
    "id": 2337355,
    "stars": 2,
    "title": "AVANGAR vs Tricked",
    "unixTimestamp": 1573066800000,
  },
  Object {
    "event": "ESEA MDL Season 32 Europe",
    "href": "https://example.com/matches/2337657/demise-vs-cr4zy-esea-mdl-season-32-europe",
    "id": 2337657,
    "stars": 1,
    "title": "Demise vs CR4ZY",
    "unixTimestamp": 1573066800000,
  },
  Object {
    "event": "Brasileirão Season 1",
    "href": "https://example.com/matches/2335780/detona-vs-red-canids-brasileiro-season-1",
    "id": 2335780,
    "stars": 0,
    "title": "DETONA vs RED Canids",
    "unixTimestamp": 1573074900000,
  },
  Object {
    "event": "Brasileirão Season 1",
    "href": "https://example.com/matches/2335781/pain-vs-isurus-brasileiro-season-1",
    "id": 2335781,
    "stars": 0,
    "title": "paiN vs Isurus",
    "unixTimestamp": 1573083000000,
  },
  Object {
    "event": "ESEA MDL Season 32 North America",
    "href": "https://example.com/matches/2337620/peekers-advantage-vs-rugratz-esea-mdl-season-32-north-america",
    "id": 2337620,
    "stars": 0,
    "title": "Peeker's Advantage vs Rugratz",
    "unixTimestamp": 1573088400000,
  },
  Object {
    "event": "ESEA MDL Season 32 North America",
    "href": "https://example.com/matches/2337621/just-swing-vs-big-frames-esea-mdl-season-32-north-america",
    "id": 2337621,
    "stars": 0,
    "title": "Just Swing vs Big Frames",
    "unixTimestamp": 1573088400000,
  },
  Object {
    "event": "ESEA MDL Season 32 North America",
    "href": "https://example.com/matches/2337646/riot-squad-vs-rap-gang-esea-mdl-season-32-north-america",
    "id": 2337646,
    "stars": 0,
    "title": "Riot Squad vs Rap Gang",
    "unixTimestamp": 1573088400000,
  },
  Object {
    "event": "ESEA MDL Season 32 North America",
    "href": "https://example.com/matches/2337251/mythic-vs-peekers-advantage-esea-mdl-season-32-north-america",
    "id": 2337251,
    "stars": 0,
    "title": "Mythic vs Peeker's Advantage",
    "unixTimestamp": 1573092000000,
  },
  Object {
    "event": "ESEA MDL Season 32 North America",
    "href": "https://example.com/matches/2337408/ascent-vs-just-swing-esea-mdl-season-32-north-america",
    "id": 2337408,
    "stars": 0,
    "title": "Ascent vs Just Swing",
    "unixTimestamp": 1573092000000,
  },
  Object {
    "event": "ESEA MDL Season 32 North America",
    "href": "https://example.com/matches/2337622/intz-vs-rugratz-esea-mdl-season-32-north-america",
    "id": 2337622,
    "stars": 0,
    "title": "INTZ vs Rugratz",
    "unixTimestamp": 1573092000000,
  },
  Object {
    "event": "ESEA MDL Season 32 North America",
    "href": "https://example.com/matches/2337623/monstars-vs-riot-squad-esea-mdl-season-32-north-america",
    "id": 2337623,
    "stars": 0,
    "title": "Monstars vs Riot Squad",
    "unixTimestamp": 1573092000000,
  },
  Object {
    "event": "ESEA MDL Season 32 North America",
    "href": "https://example.com/matches/2337409/ascent-vs-rap-gang-esea-mdl-season-32-north-america",
    "id": 2337409,
    "stars": 0,
    "title": "Ascent vs Rap Gang",
    "unixTimestamp": 1573095600000,
  },
  Object {
    "event": "ESEA MDL Season 32 North America",
    "href": "https://example.com/matches/2337647/bushido-boyz-vs-just-swing-esea-mdl-season-32-north-america",
    "id": 2337647,
    "stars": 0,
    "title": "Bushido Boyz vs Just Swing",
    "unixTimestamp": 1573095600000,
  },
  Object {
    "event": "ESEA MDL Season 32 North America",
    "href": "https://example.com/matches/2337648/mythic-vs-the-quest-esea-mdl-season-32-north-america",
    "id": 2337648,
    "stars": 0,
    "title": "Mythic vs The Quest",
    "unixTimestamp": 1573095600000,
  },
  Object {
    "event": "IEM Beijing 2019",
    "href": "https://example.com/matches/2337449/astralis-vs-vici-iem-beijing-2019",
    "id": 2337449,
    "stars": 1,
    "title": "Astralis vs ViCi",
    "unixTimestamp": 1573099200000,
  },
  Object {
    "event": "IEM Beijing 2019",
    "href": "https://example.com/matches/2337450/100-thieves-vs-ence-iem-beijing-2019",
    "id": 2337450,
    "stars": 2,
    "title": "100 Thieves vs ENCE",
    "unixTimestamp": 1573099200000,
  },
  Object {
    "event": "IEM Beijing 2019",
    "href": "https://example.com/matches/2337451/vitality-vs-tyloo-iem-beijing-2019",
    "id": 2337451,
    "stars": 1,
    "title": "Vitality vs TYLOO",
    "unixTimestamp": 1573113000000,
  },
  Object {
    "event": "IEM Beijing 2019",
    "href": "https://example.com/matches/2337452/faze-vs-evil-geniuses-iem-beijing-2019",
    "id": 2337452,
    "stars": 3,
    "title": "FaZe vs Evil Geniuses",
    "unixTimestamp": 1573113000000,
  },
  Object {
    "event": "IEM Beijing - Group A Winners' Match",
    "href": "https://example.com/matches/2337454/iem-beijing-group-a-winners-match-iem-beijing-2019",
    "id": 2337454,
    "stars": 0,
    "title": "TBD vs TBD",
    "unixTimestamp": 1573126800000,
  },
  Object {
    "event": "IEM Beijing - Group A Elimination Match",
    "href": "https://example.com/matches/2337455/iem-beijing-group-a-elimination-match-iem-beijing-2019",
    "id": 2337455,
    "stars": 0,
    "title": "TBD vs TBD",
    "unixTimestamp": 1573126800000,
  },
  Object {
    "event": "SECTOR: MOSTBET",
    "href": "https://example.com/matches/2337642/natus-vincere-junior-vs-spirit-sector-mostbet",
    "id": 2337642,
    "stars": 0,
    "title": "Natus Vincere Junior vs Spirit",
    "unixTimestamp": 1573131600000,
  },
  Object {
    "event": "ESEA MDL Season 32 Europe",
    "href": "https://example.com/matches/2336638/gamerlegion-vs-japaleno-esea-mdl-season-32-europe",
    "id": 2336638,
    "stars": 0,
    "title": "GamerLegion vs Japaleno",
    "unixTimestamp": 1573138800000,
  },
  Object {
    "event": "ESEA MDL Season 32 Europe",
    "href": "https://example.com/matches/2337603/havu-vs-tricked-esea-mdl-season-32-europe",
    "id": 2337603,
    "stars": 1,
    "title": "HAVU vs Tricked",
    "unixTimestamp": 1573142400000,
  },
  Object {
    "event": "ESEA MDL Season 32 Europe",
    "href": "https://example.com/matches/2336865/cr4zy-vs-phoenix-esea-mdl-season-32-europe",
    "id": 2336865,
    "stars": 1,
    "title": "CR4ZY vs Phoenix",
    "unixTimestamp": 1573156800000,
  },
  Object {
    "event": "IEM Beijing - Group B Winners' Match",
    "href": "https://example.com/matches/2337456/iem-beijing-group-b-winners-match-iem-beijing-2019",
    "id": 2337456,
    "stars": 0,
    "title": "TBD vs TBD",
    "unixTimestamp": 1573185600000,
  },
  Object {
    "event": "IEM Beijing - Group B Elimination Match",
    "href": "https://example.com/matches/2337457/iem-beijing-group-b-elimination-match-iem-beijing-2019",
    "id": 2337457,
    "stars": 0,
    "title": "TBD vs TBD",
    "unixTimestamp": 1573185600000,
  },
  Object {
    "event": "IEM Beijing - Group A Decider Match",
    "href": "https://example.com/matches/2337458/iem-beijing-group-a-decider-match-iem-beijing-2019",
    "id": 2337458,
    "stars": 0,
    "title": "TBD vs TBD",
    "unixTimestamp": 1573199400000,
  },
  Object {
    "event": "IEM Beijing - Group B Decider Match",
    "href": "https://example.com/matches/2337459/iem-beijing-group-b-decider-match-iem-beijing-2019",
    "id": 2337459,
    "stars": 0,
    "title": "TBD vs TBD",
    "unixTimestamp": 1573212300000,
  },
  Object {
    "event": "ESEA MDL Season 32 Europe",
    "href": "https://example.com/matches/2337635/heretics-vs-spirit-esea-mdl-season-32-europe",
    "id": 2337635,
    "stars": 0,
    "title": "Heretics vs Spirit",
    "unixTimestamp": 1573218000000,
  },
  Object {
    "event": "ESEA MDL Season 32 Europe",
    "href": "https://example.com/matches/2337241/heretics-vs-japaleno-esea-mdl-season-32-europe",
    "id": 2337241,
    "stars": 0,
    "title": "Heretics vs Japaleno",
    "unixTimestamp": 1573228800000,
  },
  Object {
    "event": "IEM Beijing - Semi-final #2",
    "href": "https://example.com/matches/2337460/iem-beijing-semi-final-2-iem-beijing-2019",
    "id": 2337460,
    "stars": 0,
    "title": "TBD vs TBD",
    "unixTimestamp": 1573279200000,
  },
  Object {
    "event": "IEM Beijing - Semi-final #1",
    "href": "https://example.com/matches/2337461/iem-beijing-semi-final-1-iem-beijing-2019",
    "id": 2337461,
    "stars": 0,
    "title": "TBD vs TBD",
    "unixTimestamp": 1573293000000,
  },
  Object {
    "event": "ESL Southeast Europe Championship Season 10 Finals",
    "href": "https://example.com/matches/2337629/ex-bluejays-vs-fate-esl-southeast-europe-championship-season-10-finals",
    "id": 2337629,
    "stars": 0,
    "title": "ex-BLUEJAYS vs FATE",
    "unixTimestamp": 1573308000000,
  },
  Object {
    "event": "IEM Beijing - Grand Final",
    "href": "https://example.com/matches/2337462/iem-beijing-grand-final-iem-beijing-2019",
    "id": 2337462,
    "stars": 0,
    "title": "TBD vs TBD",
    "unixTimestamp": 1573371000000,
  },
  Object {
    "event": "Brasileirão Season 1",
    "href": "https://example.com/matches/2335782/keyd-vs-w7m-brasileiro-season-1",
    "id": 2335782,
    "stars": 0,
    "title": "Keyd vs W7M",
    "unixTimestamp": 1573506900000,
  },
  Object {
    "event": "Brasileirão Season 1",
    "href": "https://example.com/matches/2335786/isurus-vs-red-canids-brasileiro-season-1",
    "id": 2335786,
    "stars": 0,
    "title": "Isurus vs RED Canids",
    "unixTimestamp": 1573515000000,
  },
  Object {
    "event": "ESL Pro League Season 10 Asia-Pacific",
    "href": "https://example.com/matches/2337385/invictus-vs-alpha-red-esl-pro-league-season-10-asia-pacific",
    "id": 2337385,
    "stars": 0,
    "title": "Invictus vs Alpha Red",
    "unixTimestamp": 1573639200000,
  },
  Object {
    "event": "ESL Pro League Season 10 Asia-Pacific",
    "href": "https://example.com/matches/2337386/tyloo-vs-lucid-dream-esl-pro-league-season-10-asia-pacific",
    "id": 2337386,
    "stars": 0,
    "title": "TYLOO vs Lucid Dream",
    "unixTimestamp": 1573650000000,
  },
  Object {
    "event": "ESL Pro League Season 10 Europe",
    "href": "https://example.com/matches/2337357/g2-vs-nip-esl-pro-league-season-10-europe",
    "id": 2337357,
    "stars": 2,
    "title": "G2 vs NiP",
    "unixTimestamp": 1573665900000,
  },
  Object {
    "event": "Brasileirão Season 1",
    "href": "https://example.com/matches/2335788/pain-vs-w7m-brasileiro-season-1",
    "id": 2335788,
    "stars": 0,
    "title": "paiN vs W7M",
    "unixTimestamp": 1573679700000,
  },
  Object {
    "event": "ESL Pro League Season 10 Europe",
    "href": "https://example.com/matches/2337358/north-vs-big-esl-pro-league-season-10-europe",
    "id": 2337358,
    "stars": 1,
    "title": "North vs BIG",
    "unixTimestamp": 1573679700000,
  },
  Object {
    "event": "Brasileirão Season 1",
    "href": "https://example.com/matches/2335785/isurus-vs-keyd-brasileiro-season-1",
    "id": 2335785,
    "stars": 0,
    "title": "Isurus vs Keyd",
    "unixTimestamp": 1573687800000,
  },
  Object {
    "event": "ESL Pro League Season 10 Americas",
    "href": "https://example.com/matches/2337369/complexity-vs-detona-esl-pro-league-season-10-americas",
    "id": 2337369,
    "stars": 0,
    "title": "Complexity vs DETONA",
    "unixTimestamp": 1573694700000,
  },
  Object {
    "event": "ESL Pro League Season 10 Americas",
    "href": "https://example.com/matches/2337370/atk-vs-envy-esl-pro-league-season-10-americas",
    "id": 2337370,
    "stars": 0,
    "title": "ATK vs Envy",
    "unixTimestamp": 1573708500000,
  },
  Object {
    "event": "ESL Pro League Season 10 Asia-Pacific",
    "href": "https://example.com/matches/2337383/tyloo-vs-invictus-esl-pro-league-season-10-asia-pacific",
    "id": 2337383,
    "stars": 0,
    "title": "TYLOO vs Invictus",
    "unixTimestamp": 1573725600000,
  },
  Object {
    "event": "ESL Pro League Season 10 Asia-Pacific",
    "href": "https://example.com/matches/2337384/lucid-dream-vs-alpha-red-esl-pro-league-season-10-asia-pacific",
    "id": 2337384,
    "stars": 0,
    "title": "Lucid Dream vs Alpha Red",
    "unixTimestamp": 1573736400000,
  },
  Object {
    "event": "ESL Pro League Season 10 Europe",
    "href": "https://example.com/matches/2337359/nip-vs-big-esl-pro-league-season-10-europe",
    "id": 2337359,
    "stars": 1,
    "title": "NiP vs BIG",
    "unixTimestamp": 1573752300000,
  },
  Object {
    "event": "ESL Pro League Season 10 Europe",
    "href": "https://example.com/matches/2337360/g2-vs-north-esl-pro-league-season-10-europe",
    "id": 2337360,
    "stars": 1,
    "title": "G2 vs North",
    "unixTimestamp": 1573766100000,
  },
  Object {
    "event": "ESL Pro League Season 10 Americas",
    "href": "https://example.com/matches/2337371/detona-vs-envy-esl-pro-league-season-10-americas",
    "id": 2337371,
    "stars": 0,
    "title": "DETONA vs Envy",
    "unixTimestamp": 1573781100000,
  },
  Object {
    "event": "ESL Pro League Season 10 Americas",
    "href": "https://example.com/matches/2337372/complexity-vs-atk-esl-pro-league-season-10-americas",
    "id": 2337372,
    "stars": 0,
    "title": "Complexity vs ATK",
    "unixTimestamp": 1573794900000,
  },
  Object {
    "event": "ESL Pro League Season 10 Asia-Pacific",
    "href": "https://example.com/matches/2337382/lucid-dream-vs-invictus-esl-pro-league-season-10-asia-pacific",
    "id": 2337382,
    "stars": 0,
    "title": "Lucid Dream vs Invictus",
    "unixTimestamp": 1573812000000,
  },
  Object {
    "event": "ESL Pro League Season 10 Asia-Pacific",
    "href": "https://example.com/matches/2337381/tyloo-vs-alpha-red-esl-pro-league-season-10-asia-pacific",
    "id": 2337381,
    "stars": 0,
    "title": "TYLOO vs Alpha Red",
    "unixTimestamp": 1573822800000,
  },
  Object {
    "event": "ESL Pro League Season 10 Europe",
    "href": "https://example.com/matches/2337361/g2-vs-big-esl-pro-league-season-10-europe",
    "id": 2337361,
    "stars": 1,
    "title": "G2 vs BIG",
    "unixTimestamp": 1573838700000,
  },
  Object {
    "event": "ESL Pro League Season 10 Europe",
    "href": "https://example.com/matches/2337362/north-vs-nip-esl-pro-league-season-10-europe",
    "id": 2337362,
    "stars": 1,
    "title": "North vs NiP",
    "unixTimestamp": 1573852500000,
  },
  Object {
    "event": "ESL Pro League Season 10 Americas",
    "href": "https://example.com/matches/2337373/envy-vs-complexity-esl-pro-league-season-10-americas",
    "id": 2337373,
    "stars": 0,
    "title": "Envy vs Complexity",
    "unixTimestamp": 1573867500000,
  },
  Object {
    "event": "ESL Pro League Season 10 Americas",
    "href": "https://example.com/matches/2337374/detona-vs-atk-esl-pro-league-season-10-americas",
    "id": 2337374,
    "stars": 0,
    "title": "DETONA vs ATK",
    "unixTimestamp": 1573881300000,
  },
  Object {
    "event": "ESL Pro League Season 10 Asia-Pacific",
    "href": "https://example.com/matches/2337387/grayhound-vs-chiefs-esl-pro-league-season-10-asia-pacific",
    "id": 2337387,
    "stars": 1,
    "title": "Grayhound vs Chiefs",
    "unixTimestamp": 1573887600000,
  },
  Object {
    "event": "ESL Pro League Season 10 Asia-Pacific",
    "href": "https://example.com/matches/2337388/order-vs-avant-esl-pro-league-season-10-asia-pacific",
    "id": 2337388,
    "stars": 0,
    "title": "ORDER vs AVANT",
    "unixTimestamp": 1573898400000,
  },
  Object {
    "event": "ESL Pro League Season 10 Europe",
    "href": "https://example.com/matches/2337363/faze-vs-vitality-esl-pro-league-season-10-europe",
    "id": 2337363,
    "stars": 3,
    "title": "FaZe vs Vitality",
    "unixTimestamp": 1573925100000,
  },
  Object {
    "event": "ESL Pro League Season 10 Europe",
    "href": "https://example.com/matches/2337364/fnatic-vs-hellraisers-esl-pro-league-season-10-europe",
    "id": 2337364,
    "stars": 1,
    "title": "fnatic vs HellRaisers",
    "unixTimestamp": 1573938900000,
  },
  Object {
    "event": "ESL Pro League Season 10 Americas",
    "href": "https://example.com/matches/2337375/furia-vs-isurus-esl-pro-league-season-10-americas",
    "id": 2337375,
    "stars": 1,
    "title": "FURIA vs Isurus",
    "unixTimestamp": 1573953900000,
  },
  Object {
    "event": "ESL Pro League Season 10 Americas",
    "href": "https://example.com/matches/2337376/100-thieves-vs-eunited-esl-pro-league-season-10-americas",
    "id": 2337376,
    "stars": 1,
    "title": "100 Thieves vs eUnited",
    "unixTimestamp": 1573967700000,
  },
  Object {
    "event": "ESL Pro League Season 10 Asia-Pacific",
    "href": "https://example.com/matches/2337389/grayhound-vs-avant-esl-pro-league-season-10-asia-pacific",
    "id": 2337389,
    "stars": 1,
    "title": "Grayhound vs AVANT",
    "unixTimestamp": 1573974000000,
  },
  Object {
    "event": "ESL Pro League Season 10 Asia-Pacific",
    "href": "https://example.com/matches/2337390/order-vs-chiefs-esl-pro-league-season-10-asia-pacific",
    "id": 2337390,
    "stars": 0,
    "title": "ORDER vs Chiefs",
    "unixTimestamp": 1573984800000,
  },
  Object {
    "event": "ESL Pro League Season 10 Europe",
    "href": "https://example.com/matches/2337365/faze-vs-hellraisers-esl-pro-league-season-10-europe",
    "id": 2337365,
    "stars": 1,
    "title": "FaZe vs HellRaisers",
    "unixTimestamp": 1574011500000,
  },
  Object {
    "event": "ESL Pro League Season 10 Europe",
    "href": "https://example.com/matches/2337366/fnatic-vs-vitality-esl-pro-league-season-10-europe",
    "id": 2337366,
    "stars": 4,
    "title": "fnatic vs Vitality",
    "unixTimestamp": 1574025300000,
  },
  Object {
    "event": "ESL Pro League Season 10 Americas",
    "href": "https://example.com/matches/2337377/furia-vs-eunited-esl-pro-league-season-10-americas",
    "id": 2337377,
    "stars": 1,
    "title": "FURIA vs eUnited",
    "unixTimestamp": 1574040300000,
  },
  Object {
    "event": "ESL Pro League Season 10 Americas",
    "href": "https://example.com/matches/2337378/100-thieves-vs-isurus-esl-pro-league-season-10-americas",
    "id": 2337378,
    "stars": 1,
    "title": "100 Thieves vs Isurus",
    "unixTimestamp": 1574054100000,
  },
  Object {
    "event": "ESL Pro League Season 10 Asia-Pacific",
    "href": "https://example.com/matches/2337391/avant-vs-chiefs-esl-pro-league-season-10-asia-pacific",
    "id": 2337391,
    "stars": 0,
    "title": "AVANT vs Chiefs",
    "unixTimestamp": 1574060400000,
  },
  Object {
    "event": "ESL Pro League Season 10 Asia-Pacific",
    "href": "https://example.com/matches/2337392/grayhound-vs-order-esl-pro-league-season-10-asia-pacific",
    "id": 2337392,
    "stars": 1,
    "title": "Grayhound vs ORDER",
    "unixTimestamp": 1574071200000,
  },
  Object {
    "event": "ESL Pro League Season 10 Europe",
    "href": "https://example.com/matches/2337367/vitality-vs-hellraisers-esl-pro-league-season-10-europe",
    "id": 2337367,
    "stars": 1,
    "title": "Vitality vs HellRaisers",
    "unixTimestamp": 1574097900000,
  },
  Object {
    "event": "Brasileirão Season 1",
    "href": "https://example.com/matches/2335784/w7m-vs-detona-brasileiro-season-1",
    "id": 2335784,
    "stars": 0,
    "title": "W7M vs DETONA",
    "unixTimestamp": 1574111700000,
  },
  Object {
    "event": "ESL Pro League Season 10 Europe",
    "href": "https://example.com/matches/2337368/fnatic-vs-faze-esl-pro-league-season-10-europe",
    "id": 2337368,
    "stars": 3,
    "title": "fnatic vs FaZe",
    "unixTimestamp": 1574111700000,
  },
  Object {
    "event": "Brasileirão Season 1",
    "href": "https://example.com/matches/2335787/detona-vs-keyd-brasileiro-season-1",
    "id": 2335787,
    "stars": 0,
    "title": "DETONA vs Keyd",
    "unixTimestamp": 1574119800000,
  },
  Object {
    "event": "ESL Pro League Season 10 Americas",
    "href": "https://example.com/matches/2337379/furia-vs-100-thieves-esl-pro-league-season-10-americas",
    "id": 2337379,
    "stars": 3,
    "title": "FURIA vs 100 Thieves",
    "unixTimestamp": 1574126700000,
  },
  Object {
    "event": "ESL Pro League Season 10 Americas",
    "href": "https://example.com/matches/2337380/isurus-vs-eunited-esl-pro-league-season-10-americas",
    "id": 2337380,
    "stars": 0,
    "title": "Isurus vs eUnited",
    "unixTimestamp": 1574140500000,
  },
  Object {
    "event": "European Champions Cup",
    "href": "https://example.com/matches/2337566/big-vs-ex-windigo-european-champions-cup",
    "id": 2337566,
    "stars": 0,
    "title": "BIG vs ex-Windigo",
    "unixTimestamp": 1574247600000,
  },
  Object {
    "event": "European Champions Cup",
    "href": "https://example.com/matches/2337568/sprout-vs-spirit-european-champions-cup",
    "id": 2337568,
    "stars": 0,
    "title": "Sprout vs Spirit",
    "unixTimestamp": 1574258400000,
  },
  Object {
    "event": "European Champions Cup",
    "href": "https://example.com/matches/2337569/smash-vs-movistar-riders-european-champions-cup",
    "id": 2337569,
    "stars": 0,
    "title": "SMASH vs Movistar Riders",
    "unixTimestamp": 1574269200000,
  },
  Object {
    "event": "European Champions Cup",
    "href": "https://example.com/matches/2337567/hard-legion-vs-gamerlegion-european-champions-cup",
    "id": 2337567,
    "stars": 0,
    "title": "Hard Legion vs GamerLegion",
    "unixTimestamp": 1574280000000,
  },
  Object {
    "event": "Brasileirão Season 1",
    "href": "https://example.com/matches/2335783/red-canids-vs-pain-brasileiro-season-1",
    "id": 2335783,
    "stars": 0,
    "title": "RED Canids vs paiN",
    "unixTimestamp": 1574284500000,
  },
  Object {
    "event": "DreamHack Open Atlanta 2019",
    "href": "https://example.com/matches/2337829/illuminar-vs-triumph-sprout-winner-dreamhack-open-atlanta-2019",
    "id": 2337829,
    "stars": 1,
    "title": "Illuminar vs Triumph/Sprout winner",
    "unixTimestamp": 1573938000000,
  },
  Object {
    "event": "DreamHack Open Atlanta 2019",
    "href": "https://example.com/matches/2337831/cr4zy-vs-group-a-2nd-dreamhack-open-atlanta-2019",
    "id": 2337831,
    "stars": 1,
    "title": "CR4ZY vs Group A 2nd",
    "unixTimestamp": 1574002800000,
  },
]
`;
