// Jest Snapshot v1, https://goo.gl/fbAQLP

exports[`makeTgMessages common 1`] = `
Array [
  Object {
    "id": -1,
    "messages": Array [
      Object {
        "extra": Object {
          "disable_notification": true,
          "disable_web_page_preview": true,
          "parse_mode": "HTML",
        },
        "text": "featuredMatches",
        "type": "emptyFeaturedMatches",
      },
    ],
  },
  Object {
    "id": 0,
    "messages": Array [
      Object {
        "extra": Object {
          "disable_notification": false,
          "disable_web_page_preview": true,
          "parse_mode": "HTML",
        },
        "text": "featuredMatches",
        "type": "featuredMatches",
      },
    ],
  },
  Object {
    "id": 1,
    "messages": Array [
      Object {
        "extra": Object {
          "disable_web_page_preview": true,
          "parse_mode": "HTML",
        },
        "text": "favoriteTeamsMatches",
        "type": "favoriteTeamsMatches",
      },
    ],
  },
  Object {
    "id": 2,
    "messages": Array [
      Object {
        "text": "customLocationMessage",
        "type": "customLocation",
      },
    ],
  },
]
`;
